# the first line must be comment
8 atoms
3 atom types
2 bonds
1 bond types
0.0000000000e+00 2.0000000000e+01 xlo xhi
0.0000000000e+00 2.0000000000e+01 ylo yhi
0.0000000000e+00 2.0000000000e+01 zlo zhi
0.0000000000e+00 0.0000000000e+00 0.0000000000e+00 xy xz yz

Masses

1 1.5999400000e+01
2 1.0079400000e+00
3 1.5999400000e+01

Atoms

1 1 1 6.0000000000e+00 1.2554500000e+00 1.2756220000e+00 9.8873000000e-01
2 2 1 6.0000000000e+00 9.6101000000e-01 3.2575000000e+00 1.3349400000e+00
3 1 2 1.0000000000e+00 6.6417000000e-01 1.3115370000e+00 1.7435400000e+00
4 1 2 1.0000000000e+00 1.2918700000e+00 3.3436000000e-01 7.3085000000e-01
5 2 2 1.0000000000e+00 1.8888500000e+00 3.5113000000e+00 1.4244400000e+00
6 2 2 1.0000000000e+00 5.1617000000e-01 4.0433000000e+00 9.0904000000e-01
7 1 3 -8.0000000000e+00 1.2554500000e+00 1.2756220000e+00 9.8873000000e-01
8 2 3 -8.0000000000e+00 9.6101000000e-01 3.2575000000e+00 1.3349400000e+00

Bonds

1 1 1 7
2 1 2 8
